// Jest Snapshot v1, https://goo.gl/fbAQLP

exports[`App renders correctly 1`] = `
<DocumentFragment>
  <div
    class="weather-app"
  >
    <h1
      class="location-details"
    >
      Forecast for , 
    </h1>
    <div>
      <form>
        <input
          placeholder="Enter city"
          type="text"
        />
        <button
          class="search-form__button"
          type="submit"
        >
          Change location
        </button>
      </form>
    </div>
    <div
      class="forecast-summaries"
    />
  </div>
</DocumentFragment>
`;
