// Jest Snapshot v1, https://goo.gl/fbAQLP

exports[`ForecastDetails renders correctly 1`] = `
<DocumentFragment>
  <div
    class="forecast-summaries"
  >
    <h1>
      Forecast summaries
    </h1>
    <div
      class="forecast-summary"
    >
      <h2
        class="forecast-summary__title"
      >
        Forecast summary
      </h2>
      <div
        class="forecast-summary__date"
      >
        Mon 30 Apr
      </div>
      <div
        class="forecast-summary__icon"
        data-testid="forecast-icon"
      >
        200
      </div>
      <div
        class="forecast-summary__max-temp"
      >
        12℃
      </div>
      <div
        class="forecast-summary__description"
      >
        Sunny
      </div>
    </div>
  </div>
</DocumentFragment>
`;
