// Jest Snapshot v1, https://goo.gl/fbAQLP

exports[`ForecastDetails renders correctly 1`] = `
<DocumentFragment>
  <div
    class="forecast-summaries"
  >
    <div
      class="forecast-summary"
      data-testid="forecast-summary"
    >
      <div
        class="forecast-summary__date"
      >
        Mon 30 Apr
      </div>
      <i
        class="wi wi-day-storm-showers wi-flip-horizontal wi-rotate-90 forecast-summary__icon"
        data-testid="forecast-icon"
        name="owm"
      />
      <div
        class="forecast-summary__max-temp"
      >
        12℃
      </div>
      <div
        class="forecast-summary__description"
      >
        Sunny
      </div>
      <button
        class="forecast-summary__details-button"
        type="button"
      >
        More details
      </button>
    </div>
    <div
      class="forecast-summary"
      data-testid="forecast-summary"
    >
      <div
        class="forecast-summary__date"
      >
        Mon 30 Apr
      </div>
      <i
        class="wi wi-day-snow wi-flip-horizontal wi-rotate-90 forecast-summary__icon"
        data-testid="forecast-icon"
        name="owm"
      />
      <div
        class="forecast-summary__max-temp"
      >
        22℃
      </div>
      <div
        class="forecast-summary__description"
      >
        Cloudy
      </div>
      <button
        class="forecast-summary__details-button"
        type="button"
      >
        More details
      </button>
    </div>
  </div>
</DocumentFragment>
`;
